2026-02-25 00:12:48,182 | INFO | __main__ | Starting ETL pipeline...
2026-02-25 00:12:48,182 | INFO | extract | EXTRACT: Checking API availability...
2026-02-25 00:12:48,313 | INFO | extract | EXTRACT: API is reachable - proceeding with extraction
2026-02-25 00:12:48,444 | INFO | extract | EXTRACT: Connected to API
2026-02-25 00:12:48,444 | INFO | extract | EXTRACT: Found: DISSOLVED OXYGEN | ID: E64999A-do-i-subdaily-mgL | Unit: mg/L
2026-02-25 00:12:48,444 | INFO | extract | EXTRACT: Found: DISSOLVED OXYGEN | ID: E64999A-do-i-subdaily-pct | Unit: %
2026-02-25 00:12:48,444 | INFO | extract | EXTRACT: Found: CONDUCTIVITY | ID: E64999A-cond-i-subdaily-uS | Unit: µS/cm
2026-02-25 00:12:48,444 | INFO | extract | EXTRACT: Discovered 3 measures
2026-02-25 00:12:48,444 | INFO | transform | TRANSFORM: Total measures found: 3
2026-02-25 00:12:48,448 | INFO | transform | TRANSFORM: Fetching readings for: DISSOLVED OXYGEN (mg/L)
2026-02-25 00:12:48,631 | INFO | transform |   -> Transformed 10 readings for DISSOLVED OXYGEN (mg/L)
2026-02-25 00:12:48,631 | INFO | transform | TRANSFORM: Fetching readings for: DISSOLVED OXYGEN (%)
2026-02-25 00:12:48,797 | INFO | transform |   -> Transformed 10 readings for DISSOLVED OXYGEN (%)
2026-02-25 00:12:48,797 | INFO | transform | TRANSFORM: Fetching readings for: CONDUCTIVITY (µS/cm)
2026-02-25 00:12:48,972 | INFO | transform |   -> Transformed 10 readings for CONDUCTIVITY (µS/cm)
2026-02-25 00:12:48,972 | INFO | transform | TRANSFORM: Total readings Transformed: 30
2026-02-25 00:12:48,972 | INFO | transform | TRANSFORM: Created DataFrame with shape: (30, 12)
2026-02-25 00:12:48,972 | INFO | transform | TRANSFORM: Dimension DataFrame dim_station
2026-02-25 00:12:48,972 | INFO | transform | TRANSFORM: dim_station transformed 
2026-02-25 00:12:48,972 | INFO | transform | TRANSFORM: Dimension DataFrame dim_measure
2026-02-25 00:12:48,983 | INFO | transform | TRANSFORM: dim_measure transformed 
2026-02-25 00:12:48,983 | INFO | transform | TRANSFORM: Fact DataFrame
2026-02-25 00:12:48,988 | INFO | transform | TRANSFORM: Fact_df transformed 
2026-02-25 00:12:48,988 | INFO | load | LOAD: Connecting to SQLite database: hydrology.db
2026-02-25 00:12:48,999 | INFO | load | LOAD: Dropped existing tables
2026-02-25 00:12:49,003 | INFO | load | LOAD: Created dim_stations table
2026-02-25 00:12:49,006 | INFO | load | LOAD: Created dim_measures table
2026-02-25 00:12:49,010 | INFO | load | LOAD: Created fact_readings table
2026-02-25 00:12:49,015 | INFO | load | LOAD: Loaded 1 rows into dim_stations
2026-02-25 00:12:49,020 | INFO | load | LOAD: Loaded 3 rows into dim_measures
2026-02-25 00:12:49,025 | INFO | load | LOAD: Loaded 30 rows into fact_readings
2026-02-25 00:12:49,025 | INFO | load | LOAD: Successfully loaded all tables to SQLite
2026-02-25 00:12:49,026 | INFO | __main__ | ETL pipeline completed successfully
2026-02-25 14:13:06,256 | INFO | transform | TRANSFORM: Total measures found: 2
2026-02-25 14:13:06,256 | INFO | transform | TRANSFORM: Fetching readings for: None (None)
2026-02-25 14:13:06,256 | WARNING | transform | TRANSFORM: Skipping measure None - missing URL
2026-02-25 14:16:11,263 | INFO | transform | TRANSFORM: Total measures found: 2
2026-02-25 14:16:11,263 | INFO | transform | TRANSFORM: Fetching readings for: DISSOLVED OXYGEN (mg/l)
2026-02-25 14:16:11,263 | WARNING | transform | TRANSFORM: Incorrect timestamp format: 2024-01-01T10:00:00Z. Setting to None.
2026-02-25 14:16:11,263 | INFO | transform |   -> Transformed 1 readings for DISSOLVED OXYGEN (mg/l)
2026-02-25 14:57:13,263 | INFO | transform | TRANSFORM: Total measures found: 2
2026-02-25 14:57:13,263 | INFO | transform | TRANSFORM: Fetching readings for: DISSOLVED OXYGEN (mg/l)
2026-02-25 14:57:13,263 | WARNING | transform | TRANSFORM: Incorrect timestamp format: 2024-01-01T10:00:00Z. Setting to None.
2026-02-25 14:57:13,263 | INFO | transform |   -> Transformed 1 readings for DISSOLVED OXYGEN (mg/l)
2026-02-25 14:57:13,263 | INFO | transform | TRANSFORM: Fetching readings for: Oxygen (mg/l)
2026-02-25 14:57:13,264 | WARNING | transform | TRANSFORM: Incorrect timestamp format: 2024-01-01T10:00:00Z. Setting to None.
2026-02-25 14:57:13,264 | WARNING | transform | TRANSFORM: Timestamp missing for None. Setting to None.
2026-02-25 15:07:30,846 | INFO | __main__ | Starting ETL pipeline...
2026-02-25 15:07:30,846 | INFO | extract | EXTRACT: Checking API availability...
2026-02-25 15:07:31,043 | INFO | extract | EXTRACT: API is reachable - proceeding with extraction
2026-02-25 15:07:31,151 | INFO | extract | EXTRACT: Connected to API
2026-02-25 15:07:31,151 | INFO | extract | EXTRACT: Found: DISSOLVED OXYGEN | ID: E64999A-do-i-subdaily-mgL | Unit: mg/L
2026-02-25 15:07:31,151 | INFO | extract | EXTRACT: Found: DISSOLVED OXYGEN | ID: E64999A-do-i-subdaily-pct | Unit: %
2026-02-25 15:07:31,151 | INFO | extract | EXTRACT: Found: CONDUCTIVITY | ID: E64999A-cond-i-subdaily-uS | Unit: µS/cm
2026-02-25 15:07:31,151 | INFO | extract | EXTRACT: Discovered 3 measures
2026-02-25 15:07:31,151 | INFO | transform | TRANSFORM: Total measures found: 3
2026-02-25 15:07:31,151 | INFO | transform | TRANSFORM: Fetching readings for: DISSOLVED OXYGEN (mg/L)
2026-02-25 15:07:31,301 | INFO | transform |   -> Transformed 10 readings for DISSOLVED OXYGEN (mg/L)
2026-02-25 15:07:31,301 | INFO | transform | TRANSFORM: Fetching readings for: DISSOLVED OXYGEN (%)
2026-02-25 15:07:31,470 | INFO | transform |   -> Transformed 10 readings for DISSOLVED OXYGEN (%)
2026-02-25 15:07:31,470 | INFO | transform | TRANSFORM: Fetching readings for: CONDUCTIVITY (µS/cm)
2026-02-25 15:07:31,667 | INFO | transform |   -> Transformed 10 readings for CONDUCTIVITY (µS/cm)
2026-02-25 15:07:31,667 | INFO | transform | TRANSFORM: Total readings Transformed: 30
2026-02-25 15:07:31,681 | INFO | transform | TRANSFORM: Created DataFrame with shape: (30, 12)
2026-02-25 15:07:31,681 | INFO | transform | TRANSFORM: Dimension DataFrame dim_station
2026-02-25 15:07:31,705 | INFO | transform | TRANSFORM: dim_station transformed 
2026-02-25 15:07:31,705 | INFO | transform | TRANSFORM: Dimension DataFrame dim_measure
2026-02-25 15:07:31,708 | INFO | transform | TRANSFORM: dim_measure transformed 
2026-02-25 15:07:31,708 | INFO | transform | TRANSFORM: Fact DataFrame
2026-02-25 15:07:31,718 | INFO | transform | TRANSFORM: Fact_df transformed 
2026-02-25 15:07:31,719 | INFO | load | LOAD: Connecting to SQLite database: hydrology.db
2026-02-25 15:07:31,736 | INFO | load | LOAD: Dropped existing tables
2026-02-25 15:07:31,739 | INFO | load | LOAD: Created dim_stations table
2026-02-25 15:07:31,742 | INFO | load | LOAD: Created dim_measures table
2026-02-25 15:07:31,745 | INFO | load | LOAD: Created fact_readings table
2026-02-25 15:07:31,752 | INFO | load | LOAD: Loaded 1 rows into dim_stations
2026-02-25 15:07:31,756 | INFO | load | LOAD: Loaded 3 rows into dim_measures
2026-02-25 15:07:31,759 | INFO | load | LOAD: Loaded 30 rows into fact_readings
2026-02-25 15:07:31,759 | INFO | load | LOAD: Successfully loaded all tables to SQLite
2026-02-25 15:07:31,759 | INFO | __main__ | ETL pipeline completed successfully
2026-02-25 18:09:43,516 | INFO | transform | TRANSFORM: Total measures found: 1
2026-02-25 18:09:43,521 | INFO | transform | TRANSFORM: Fetching readings for: DISSOLVED OXYGEN (mg/l)
2026-02-25 18:09:43,521 | WARNING | transform | TRANSFORM: Incorrect timestamp format: 2024-01-15T10:00:00Z. Setting to None.
2026-02-25 18:09:43,521 | INFO | transform |   -> Transformed 1 readings for DISSOLVED OXYGEN (mg/l)
2026-02-25 18:09:43,521 | INFO | transform | TRANSFORM: Total readings Transformed: 1
2026-02-25 18:09:43,526 | INFO | transform | TRANSFORM: Created DataFrame with shape: (1, 12)
2026-02-25 18:09:43,526 | INFO | transform | TRANSFORM: Dimension DataFrame dim_station
2026-02-25 18:09:43,549 | INFO | transform | TRANSFORM: dim_station transformed 
2026-02-25 18:09:43,549 | INFO | transform | TRANSFORM: Dimension DataFrame dim_measure
2026-02-25 18:09:43,551 | INFO | transform | TRANSFORM: dim_measure transformed 
2026-02-25 18:09:43,551 | INFO | transform | TRANSFORM: Fact DataFrame
2026-02-25 18:09:43,558 | INFO | transform | TRANSFORM: Fact_df transformed 
2026-02-25 18:10:41,698 | INFO | transform | TRANSFORM: Total measures found: 9
2026-02-25 18:11:39,483 | INFO | transform | TRANSFORM: Total measures found: 1
2026-02-25 18:11:39,483 | INFO | transform | TRANSFORM: Fetching readings for: DISSOLVED OXYGEN (mg/l)
2026-02-25 18:11:39,486 | WARNING | transform | TRANSFORM: Incorrect timestamp format: 2024-01-01T10:00:00Z. Setting to None.
2026-02-25 18:11:39,486 | INFO | transform |   -> Transformed 1 readings for DISSOLVED OXYGEN (mg/l)
2026-02-25 18:11:39,486 | INFO | transform | TRANSFORM: Total readings Transformed: 1
2026-02-25 18:11:39,487 | INFO | transform | TRANSFORM: Created DataFrame with shape: (1, 12)
2026-02-25 18:11:39,487 | INFO | transform | TRANSFORM: Dimension DataFrame dim_station
2026-02-25 18:11:39,489 | INFO | transform | TRANSFORM: dim_station transformed 
2026-02-25 18:11:39,489 | INFO | transform | TRANSFORM: Dimension DataFrame dim_measure
2026-02-25 18:11:39,495 | INFO | transform | TRANSFORM: dim_measure transformed 
2026-02-25 18:11:39,495 | INFO | transform | TRANSFORM: Fact DataFrame
2026-02-25 18:11:39,504 | INFO | transform | TRANSFORM: Fact_df transformed 
2026-02-25 18:21:24,961 | INFO | transform | TRANSFORM: Total measures found: 1
2026-02-25 18:21:24,961 | INFO | transform | TRANSFORM: Fetching readings for: DISSOLVED OXYGEN (mg/l)
2026-02-25 18:21:24,961 | WARNING | transform | TRANSFORM: Incorrect timestamp format: 2024-01-01T10:00:00Z. Setting to None.
2026-02-25 18:21:24,961 | INFO | transform |   -> Transformed 1 readings for DISSOLVED OXYGEN (mg/l)
2026-02-25 18:21:24,967 | INFO | transform | TRANSFORM: Total readings Transformed: 1
2026-02-25 18:21:24,967 | INFO | transform | TRANSFORM: Created DataFrame with shape: (1, 12)
2026-02-25 18:21:24,967 | INFO | transform | TRANSFORM: Dimension DataFrame dim_station
2026-02-25 18:21:24,967 | INFO | transform | TRANSFORM: dim_station transformed 
2026-02-25 18:21:24,967 | INFO | transform | TRANSFORM: Dimension DataFrame dim_measure
2026-02-25 18:21:24,974 | INFO | transform | TRANSFORM: dim_measure transformed 
2026-02-25 18:21:24,974 | INFO | transform | TRANSFORM: Fact DataFrame
2026-02-25 18:21:24,979 | INFO | transform | TRANSFORM: Fact_df transformed 
2026-02-25 18:25:09,099 | INFO | transform | TRANSFORM: Total measures found: 1
2026-02-25 18:25:09,099 | INFO | transform | TRANSFORM: Fetching readings for: DISSOLVED OXYGEN (mg/l)
2026-02-25 18:25:09,100 | WARNING | transform | TRANSFORM: Incorrect timestamp format: 2024-01-01T10:00:00Z. Setting to None.
2026-02-25 18:25:09,100 | INFO | transform |   -> Transformed 1 readings for DISSOLVED OXYGEN (mg/l)
2026-02-25 18:25:09,100 | INFO | transform | TRANSFORM: Total readings Transformed: 1
2026-02-25 18:25:09,100 | INFO | transform | TRANSFORM: Created DataFrame with shape: (1, 12)
2026-02-25 18:25:09,101 | INFO | transform | TRANSFORM: Dimension DataFrame dim_station
2026-02-25 18:25:09,103 | INFO | transform | TRANSFORM: dim_station transformed 
2026-02-25 18:25:09,103 | INFO | transform | TRANSFORM: Dimension DataFrame dim_measure
2026-02-25 18:25:09,105 | INFO | transform | TRANSFORM: dim_measure transformed 
2026-02-25 18:25:09,105 | INFO | transform | TRANSFORM: Fact DataFrame
2026-02-25 18:25:09,110 | INFO | transform | TRANSFORM: Fact_df transformed 
2026-02-25 18:36:38,425 | INFO | transform | TRANSFORM: Total measures found: 1
2026-02-25 18:36:38,425 | INFO | transform | TRANSFORM: Fetching readings for: DISSOLVED OXYGEN (mg/l)
2026-02-25 18:36:38,425 | WARNING | transform | TRANSFORM: Incorrect timestamp format: 2024-01-01T10:00:00Z. Setting to None.
2026-02-25 18:36:38,425 | INFO | transform |   -> Transformed 1 readings for DISSOLVED OXYGEN (mg/l)
2026-02-25 18:36:38,425 | INFO | transform | TRANSFORM: Total readings Transformed: 1
2026-02-25 18:36:38,428 | INFO | transform | TRANSFORM: Created DataFrame with shape: (1, 12)
2026-02-25 18:36:38,428 | INFO | transform | TRANSFORM: Dimension DataFrame dim_station
2026-02-25 18:36:38,430 | INFO | transform | TRANSFORM: dim_station transformed 
2026-02-25 18:36:38,432 | INFO | transform | TRANSFORM: Dimension DataFrame dim_measure
2026-02-25 18:36:38,433 | INFO | transform | TRANSFORM: dim_measure transformed 
2026-02-25 18:36:38,433 | INFO | transform | TRANSFORM: Fact DataFrame
2026-02-25 18:36:38,439 | INFO | transform | TRANSFORM: Fact_df transformed 
2026-02-25 18:38:32,566 | INFO | transform | TRANSFORM: Total measures found: 1
2026-02-25 18:38:32,567 | INFO | transform | TRANSFORM: Fetching readings for: DISSOLVED OXYGEN (mg/l)
2026-02-25 18:38:32,567 | WARNING | transform | TRANSFORM: Incorrect timestamp format: 2024-01-01T10:00:00Z. Setting to None.
2026-02-25 18:38:32,567 | INFO | transform |   -> Transformed 1 readings for DISSOLVED OXYGEN (mg/l)
2026-02-25 18:38:32,567 | INFO | transform | TRANSFORM: Total readings Transformed: 1
2026-02-25 18:38:32,568 | INFO | transform | TRANSFORM: Created DataFrame with shape: (1, 12)
2026-02-25 18:38:32,568 | INFO | transform | TRANSFORM: Dimension DataFrame dim_station
2026-02-25 18:38:32,572 | INFO | transform | TRANSFORM: dim_station transformed 
2026-02-25 18:38:32,572 | INFO | transform | TRANSFORM: Dimension DataFrame dim_measure
2026-02-25 18:38:32,573 | INFO | transform | TRANSFORM: dim_measure transformed 
2026-02-25 18:38:32,574 | INFO | transform | TRANSFORM: Fact DataFrame
2026-02-25 18:38:32,579 | INFO | transform | TRANSFORM: Fact_df transformed 
2026-02-25 18:40:12,748 | INFO | transform | TRANSFORM: Total measures found: 1
2026-02-25 18:40:12,749 | INFO | transform | TRANSFORM: Fetching readings for: DISSOLVED OXYGEN (mg/l)
2026-02-25 18:40:12,749 | WARNING | transform | TRANSFORM: Incorrect timestamp format: 2024-01-01T10:00:00Z. Setting to None.
2026-02-25 18:40:12,749 | INFO | transform |   -> Transformed 1 readings for DISSOLVED OXYGEN (mg/l)
2026-02-25 18:40:12,749 | INFO | transform | TRANSFORM: Total readings Transformed: 1
2026-02-25 18:40:12,751 | INFO | transform | TRANSFORM: Created DataFrame with shape: (1, 12)
2026-02-25 18:40:12,751 | INFO | transform | TRANSFORM: Dimension DataFrame dim_station
2026-02-25 18:40:12,754 | INFO | transform | TRANSFORM: dim_station transformed 
2026-02-25 18:40:12,754 | INFO | transform | TRANSFORM: Dimension DataFrame dim_measure
2026-02-25 18:40:12,754 | INFO | transform | TRANSFORM: dim_measure transformed 
2026-02-25 18:40:12,756 | INFO | transform | TRANSFORM: Fact DataFrame
2026-02-25 18:40:12,759 | INFO | transform | TRANSFORM: Fact_df transformed 
2026-02-25 18:40:35,581 | INFO | transform | TRANSFORM: Total measures found: 1
2026-02-25 18:40:35,581 | INFO | transform | TRANSFORM: Fetching readings for: DISSOLVED OXYGEN (mg/l)
2026-02-25 18:40:35,581 | WARNING | transform | TRANSFORM: Incorrect timestamp format: 2024-01-01T10:00:00Z. Setting to None.
2026-02-25 18:40:35,581 | INFO | transform |   -> Transformed 1 readings for DISSOLVED OXYGEN (mg/l)
2026-02-25 18:40:35,581 | INFO | transform | TRANSFORM: Total readings Transformed: 1
2026-02-25 18:40:35,582 | INFO | transform | TRANSFORM: Created DataFrame with shape: (1, 12)
2026-02-25 18:40:35,582 | INFO | transform | TRANSFORM: Dimension DataFrame dim_station
2026-02-25 18:40:35,585 | INFO | transform | TRANSFORM: dim_station transformed 
2026-02-25 18:40:35,585 | INFO | transform | TRANSFORM: Dimension DataFrame dim_measure
2026-02-25 18:40:35,587 | INFO | transform | TRANSFORM: dim_measure transformed 
2026-02-25 18:40:35,588 | INFO | transform | TRANSFORM: Fact DataFrame
2026-02-25 18:40:35,593 | INFO | transform | TRANSFORM: Fact_df transformed 
2026-02-25 18:41:31,986 | INFO | transform | TRANSFORM: Total measures found: 1
2026-02-25 18:41:31,986 | INFO | transform | TRANSFORM: Fetching readings for: DISSOLVED OXYGEN (mg/l)
2026-02-25 18:41:31,986 | WARNING | transform | TRANSFORM: Incorrect timestamp format: 2024-01-01T10:00:00Z. Setting to None.
2026-02-25 18:41:31,986 | INFO | transform |   -> Transformed 1 readings for DISSOLVED OXYGEN (mg/l)
2026-02-25 18:41:31,986 | INFO | transform | TRANSFORM: Total readings Transformed: 1
2026-02-25 18:41:31,987 | INFO | transform | TRANSFORM: Created DataFrame with shape: (1, 12)
2026-02-25 18:41:31,988 | INFO | transform | TRANSFORM: Dimension DataFrame dim_station
2026-02-25 18:41:31,991 | INFO | transform | TRANSFORM: dim_station transformed 
2026-02-25 18:41:31,991 | INFO | transform | TRANSFORM: Dimension DataFrame dim_measure
2026-02-25 18:41:31,992 | INFO | transform | TRANSFORM: dim_measure transformed 
2026-02-25 18:41:31,992 | INFO | transform | TRANSFORM: Fact DataFrame
2026-02-25 18:41:31,999 | INFO | transform | TRANSFORM: Fact_df transformed 
2026-02-25 18:41:51,283 | INFO | transform | TRANSFORM: Total measures found: 1
2026-02-25 18:41:51,284 | INFO | transform | TRANSFORM: Fetching readings for: DISSOLVED OXYGEN (mg/l)
2026-02-25 18:41:51,284 | WARNING | transform | TRANSFORM: Incorrect timestamp format: 2024-01-01T10:00:00Z. Setting to None.
2026-02-25 18:41:51,284 | INFO | transform |   -> Transformed 1 readings for DISSOLVED OXYGEN (mg/l)
2026-02-25 18:41:51,284 | INFO | transform | TRANSFORM: Total readings Transformed: 1
2026-02-25 18:41:51,285 | INFO | transform | TRANSFORM: Created DataFrame with shape: (1, 12)
2026-02-25 18:41:51,285 | INFO | transform | TRANSFORM: Dimension DataFrame dim_station
2026-02-25 18:41:51,289 | INFO | transform | TRANSFORM: dim_station transformed 
2026-02-25 18:41:51,289 | INFO | transform | TRANSFORM: Dimension DataFrame dim_measure
2026-02-25 18:41:51,290 | INFO | transform | TRANSFORM: dim_measure transformed 
2026-02-25 18:41:51,290 | INFO | transform | TRANSFORM: Fact DataFrame
2026-02-25 18:41:51,296 | INFO | transform | TRANSFORM: Fact_df transformed 
2026-02-25 18:42:37,826 | INFO | transform | TRANSFORM: Total measures found: 1
2026-02-25 18:42:37,826 | INFO | transform | TRANSFORM: Fetching readings for: DISSOLVED OXYGEN (mg/l)
2026-02-25 18:42:37,826 | WARNING | transform | TRANSFORM: Incorrect timestamp format: 2024-01-01T10:00:00Z. Setting to None.
2026-02-25 18:42:37,826 | INFO | transform |   -> Transformed 1 readings for DISSOLVED OXYGEN (mg/l)
2026-02-25 18:42:37,826 | INFO | transform | TRANSFORM: Total readings Transformed: 1
2026-02-25 18:42:37,828 | INFO | transform | TRANSFORM: Created DataFrame with shape: (1, 12)
2026-02-25 18:42:37,828 | INFO | transform | TRANSFORM: Dimension DataFrame dim_station
2026-02-25 18:42:37,831 | INFO | transform | TRANSFORM: dim_station transformed 
2026-02-25 18:42:37,831 | INFO | transform | TRANSFORM: Dimension DataFrame dim_measure
2026-02-25 18:42:37,832 | INFO | transform | TRANSFORM: dim_measure transformed 
2026-02-25 18:42:37,832 | INFO | transform | TRANSFORM: Fact DataFrame
2026-02-25 18:42:37,837 | INFO | transform | TRANSFORM: Fact_df transformed 
2026-02-25 19:01:00,474 | INFO | transform | TRANSFORM: Total measures found: 1
2026-02-25 19:01:00,474 | INFO | transform | TRANSFORM: Fetching readings for: DISSOLVED OXYGEN (mg/l)
2026-02-25 19:01:00,474 | WARNING | transform | TRANSFORM: Incorrect timestamp format: 2024-01-01T10:00:00Z. Setting to None.
2026-02-25 19:01:00,474 | INFO | transform |   -> Transformed 1 readings for DISSOLVED OXYGEN (mg/l)
2026-02-25 19:01:00,474 | INFO | transform | TRANSFORM: Total readings Transformed: 1
2026-02-25 19:01:00,474 | INFO | transform | TRANSFORM: Created DataFrame with shape: (1, 12)
2026-02-25 19:01:00,474 | INFO | transform | TRANSFORM: Dimension DataFrame dim_station
2026-02-25 19:01:00,474 | INFO | transform | TRANSFORM: dim_station transformed 
2026-02-25 19:01:00,474 | INFO | transform | TRANSFORM: Dimension DataFrame dim_measure
2026-02-25 19:01:00,474 | INFO | transform | TRANSFORM: dim_measure transformed 
2026-02-25 19:01:00,474 | INFO | transform | TRANSFORM: Fact DataFrame
2026-02-25 19:01:00,492 | INFO | transform | TRANSFORM: Fact_df transformed 
2026-02-25 19:05:33,908 | INFO | transform | TRANSFORM: Total measures found: 1
2026-02-25 19:05:33,908 | INFO | transform | TRANSFORM: Fetching readings for: DISSOLVED OXYGEN (mg/l)
2026-02-25 19:05:33,908 | WARNING | transform | TRANSFORM: Incorrect timestamp format: 2024-01-01T10:00:00Z. Setting to None.
2026-02-25 19:05:33,908 | INFO | transform |   -> Transformed 1 readings for DISSOLVED OXYGEN (mg/l)
2026-02-25 19:05:33,908 | INFO | transform | TRANSFORM: Total readings Transformed: 1
2026-02-25 19:05:33,909 | INFO | transform | TRANSFORM: Created DataFrame with shape: (1, 12)
2026-02-25 19:05:33,909 | INFO | transform | TRANSFORM: Dimension DataFrame dim_station
2026-02-25 19:05:33,912 | INFO | transform | TRANSFORM: dim_station transformed 
2026-02-25 19:05:33,912 | INFO | transform | TRANSFORM: Dimension DataFrame dim_measure
2026-02-25 19:05:33,914 | INFO | transform | TRANSFORM: dim_measure transformed 
2026-02-25 19:05:33,914 | INFO | transform | TRANSFORM: Fact DataFrame
2026-02-25 19:05:33,919 | INFO | transform | TRANSFORM: Fact_df transformed 
2026-02-25 19:07:12,644 | INFO | transform | TRANSFORM: Total measures found: 1
2026-02-25 19:07:12,644 | INFO | transform | TRANSFORM: Fetching readings for: DISSOLVED OXYGEN (mg/l)
2026-02-25 19:07:12,644 | WARNING | transform | TRANSFORM: Incorrect timestamp format: 2024-01-01T10:00:00Z. Setting to None.
2026-02-25 19:07:12,644 | INFO | transform |   -> Transformed 1 readings for DISSOLVED OXYGEN (mg/l)
2026-02-25 19:07:12,644 | INFO | transform | TRANSFORM: Total readings Transformed: 1
2026-02-25 19:07:12,646 | INFO | transform | TRANSFORM: Created DataFrame with shape: (1, 12)
2026-02-25 19:07:12,646 | INFO | transform | TRANSFORM: Dimension DataFrame dim_station
2026-02-25 19:07:12,648 | INFO | transform | TRANSFORM: dim_station transformed 
2026-02-25 19:07:12,648 | INFO | transform | TRANSFORM: Dimension DataFrame dim_measure
2026-02-25 19:07:12,650 | INFO | transform | TRANSFORM: dim_measure transformed 
2026-02-25 19:07:12,650 | INFO | transform | TRANSFORM: Fact DataFrame
2026-02-25 19:07:12,657 | INFO | transform | TRANSFORM: Fact_df transformed 
2026-02-25 19:13:41,363 | INFO | load | LOAD: Connecting to SQLite database: C:\Users\ADMIN\AppData\Local\Temp\pytest-of-ADMIN\pytest-1\test_load_creates_database0\test.db
2026-02-25 19:13:41,370 | INFO | load | LOAD: Dropped existing tables
2026-02-25 19:13:41,377 | INFO | load | LOAD: Created dim_stations table
2026-02-25 19:13:41,380 | INFO | load | LOAD: Created dim_measures table
2026-02-25 19:13:41,382 | INFO | load | LOAD: Created fact_readings table
2026-02-25 19:13:41,387 | INFO | load | LOAD: Loaded 1 rows into dim_stations
2026-02-25 19:13:41,390 | INFO | load | LOAD: Loaded 1 rows into dim_measures
2026-02-25 19:13:41,394 | INFO | load | LOAD: Loaded 1 rows into fact_readings
2026-02-25 19:13:41,395 | INFO | load | LOAD: Successfully loaded all tables to SQLite
2026-02-25 20:38:22,081 | INFO | __main__ | Starting ETL pipeline...
2026-02-25 20:38:22,097 | INFO | extract | EXTRACT: Checking API availability...
2026-02-25 20:38:22,244 | INFO | extract | EXTRACT: API is reachable - proceeding with extraction
2026-02-25 20:38:22,384 | INFO | extract | EXTRACT: Connected to API
2026-02-25 20:38:22,384 | INFO | extract | EXTRACT: Found: DISSOLVED OXYGEN | ID: E64999A-do-i-subdaily-mgL | Unit: mg/L
2026-02-25 20:38:22,384 | INFO | extract | EXTRACT: Found: CONDUCTIVITY | ID: E64999A-cond-i-subdaily-uS | Unit: µS/cm
2026-02-25 20:38:22,384 | INFO | extract | EXTRACT: Found: DISSOLVED OXYGEN | ID: E64999A-do-i-subdaily-pct | Unit: %
2026-02-25 20:38:22,384 | INFO | extract | EXTRACT: Discovered 3 measures
2026-02-25 20:38:22,384 | INFO | transform | TRANSFORM: Total measures found: 3
2026-02-25 20:38:22,384 | INFO | transform | TRANSFORM: Fetching readings for: DISSOLVED OXYGEN (mg/L)
2026-02-25 20:38:22,572 | INFO | transform |   -> Transformed 10 readings for DISSOLVED OXYGEN (mg/L)
2026-02-25 20:38:22,572 | INFO | transform | TRANSFORM: Fetching readings for: CONDUCTIVITY (µS/cm)
2026-02-25 20:38:22,780 | INFO | transform |   -> Transformed 10 readings for CONDUCTIVITY (µS/cm)
2026-02-25 20:38:22,780 | INFO | transform | TRANSFORM: Fetching readings for: DISSOLVED OXYGEN (%)
2026-02-25 20:38:22,959 | INFO | transform |   -> Transformed 10 readings for DISSOLVED OXYGEN (%)
2026-02-25 20:38:22,959 | INFO | transform | TRANSFORM: Total readings Transformed: 30
2026-02-25 20:38:22,959 | INFO | transform | TRANSFORM: Created DataFrame with shape: (30, 12)
2026-02-25 20:38:22,959 | INFO | transform | TRANSFORM: Dimension DataFrame dim_station
2026-02-25 20:38:22,976 | INFO | transform | TRANSFORM: dim_station transformed 
2026-02-25 20:38:22,976 | INFO | transform | TRANSFORM: Dimension DataFrame dim_measure
2026-02-25 20:38:22,978 | INFO | transform | TRANSFORM: dim_measure transformed 
2026-02-25 20:38:22,978 | INFO | transform | TRANSFORM: Fact DataFrame
2026-02-25 20:38:22,982 | INFO | transform | TRANSFORM: Fact_df transformed 
2026-02-25 20:38:22,982 | INFO | load | LOAD: Connecting to SQLite database: hydrology.db
2026-02-25 20:38:22,999 | INFO | load | LOAD: Dropped existing tables
2026-02-25 20:38:23,003 | INFO | load | LOAD: Created dim_stations table
2026-02-25 20:38:23,006 | INFO | load | LOAD: Created dim_measures table
2026-02-25 20:38:23,006 | INFO | load | LOAD: Created fact_readings table
2026-02-25 20:38:23,017 | INFO | load | LOAD: Loaded 1 rows into dim_stations
2026-02-25 20:38:23,020 | INFO | load | LOAD: Loaded 3 rows into dim_measures
2026-02-25 20:38:23,027 | INFO | load | LOAD: Loaded 30 rows into fact_readings
2026-02-25 20:38:23,027 | INFO | load | LOAD: Successfully loaded all tables to SQLite
2026-02-25 20:38:23,027 | INFO | __main__ | ETL pipeline completed successfully
2026-02-25 20:40:23,255 | INFO | __main__ | Starting ETL pipeline...
2026-02-25 20:40:23,255 | INFO | extract | EXTRACT: Checking API availability...
2026-02-25 20:40:23,440 | INFO | extract | EXTRACT: API is reachable - proceeding with extraction
2026-02-25 20:40:23,581 | INFO | extract | EXTRACT: Connected to API
2026-02-25 20:40:23,581 | INFO | extract | EXTRACT: Found: CONDUCTIVITY | ID: E64999A-cond-i-subdaily-uS | Unit: µS/cm
2026-02-25 20:40:23,581 | INFO | extract | EXTRACT: Found: DISSOLVED OXYGEN | ID: E64999A-do-i-subdaily-mgL | Unit: mg/L
2026-02-25 20:40:23,581 | INFO | extract | EXTRACT: Found: DISSOLVED OXYGEN | ID: E64999A-do-i-subdaily-pct | Unit: %
2026-02-25 20:40:23,581 | INFO | extract | EXTRACT: Discovered 3 measures
2026-02-25 20:40:23,581 | INFO | transform | TRANSFORM: Total measures found: 3
2026-02-25 20:40:23,581 | INFO | transform | TRANSFORM: Fetching readings for: CONDUCTIVITY (µS/cm)
2026-02-25 20:40:25,879 | INFO | transform |   -> Transformed 16393 readings for CONDUCTIVITY (µS/cm)
2026-02-25 20:40:25,879 | INFO | transform | TRANSFORM: Fetching readings for: DISSOLVED OXYGEN (mg/L)
2026-02-25 20:40:27,441 | INFO | transform |   -> Transformed 16393 readings for DISSOLVED OXYGEN (mg/L)
2026-02-25 20:40:27,441 | INFO | transform | TRANSFORM: Fetching readings for: DISSOLVED OXYGEN (%)
2026-02-25 20:40:30,093 | INFO | transform |   -> Transformed 16393 readings for DISSOLVED OXYGEN (%)
2026-02-25 20:40:30,093 | INFO | transform | TRANSFORM: Total readings Transformed: 49179
2026-02-25 20:40:30,219 | INFO | transform | TRANSFORM: Created DataFrame with shape: (49179, 12)
2026-02-25 20:40:30,219 | INFO | transform | TRANSFORM: Dimension DataFrame dim_station
2026-02-25 20:40:30,242 | INFO | transform | TRANSFORM: dim_station transformed 
2026-02-25 20:40:30,242 | INFO | transform | TRANSFORM: Dimension DataFrame dim_measure
2026-02-25 20:40:30,260 | INFO | transform | TRANSFORM: dim_measure transformed 
2026-02-25 20:40:30,264 | INFO | transform | TRANSFORM: Fact DataFrame
2026-02-25 20:40:30,326 | INFO | transform | TRANSFORM: Fact_df transformed 
2026-02-25 20:40:30,367 | INFO | load | LOAD: Connecting to SQLite database: hydrology.db
2026-02-25 20:40:30,380 | INFO | load | LOAD: Dropped existing tables
2026-02-25 20:40:30,383 | INFO | load | LOAD: Created dim_stations table
2026-02-25 20:40:30,388 | INFO | load | LOAD: Created dim_measures table
2026-02-25 20:40:30,393 | INFO | load | LOAD: Created fact_readings table
2026-02-25 20:40:30,393 | INFO | load | LOAD: Loaded 1 rows into dim_stations
2026-02-25 20:40:30,401 | INFO | load | LOAD: Loaded 3 rows into dim_measures
2026-02-25 20:40:30,507 | INFO | load | LOAD: Loaded 49179 rows into fact_readings
2026-02-25 20:40:30,507 | INFO | load | LOAD: Successfully loaded all tables to SQLite
2026-02-25 20:40:30,523 | INFO | __main__ | ETL pipeline completed successfully
2026-02-25 20:49:28,992 | INFO | __main__ | Starting ETL pipeline...
2026-02-25 20:49:28,992 | INFO | extract | EXTRACT: Checking API availability...
2026-02-25 20:49:29,139 | INFO | extract | EXTRACT: API is reachable - proceeding with extraction
2026-02-25 20:49:29,308 | INFO | extract | EXTRACT: Connected to API
2026-02-25 20:49:29,308 | INFO | extract | EXTRACT: Found: CONDUCTIVITY | ID: E64999A-cond-i-subdaily-uS | Unit: µS/cm
2026-02-25 20:49:29,308 | INFO | extract | EXTRACT: Found: DISSOLVED OXYGEN | ID: E64999A-do-i-subdaily-pct | Unit: %
2026-02-25 20:49:29,308 | INFO | extract | EXTRACT: Found: DISSOLVED OXYGEN | ID: E64999A-do-i-subdaily-mgL | Unit: mg/L
2026-02-25 20:49:29,308 | INFO | extract | EXTRACT: Discovered 3 measures
2026-02-25 20:49:29,308 | INFO | transform | TRANSFORM: Total measures found: 3
2026-02-25 20:49:29,308 | INFO | transform | TRANSFORM: Fetching readings for: CONDUCTIVITY (µS/cm)
2026-02-25 20:49:29,530 | ERROR | extract | EXTRACT: Fetch readings failed for http://environment.data.gov.uk/hydrology/id/measures/E64999A-cond-i-subdaily-uS: 400 Client Error:  for url: https://environment.data.gov.uk/hydrology/id/measures/E64999A-cond-i-subdaily-uS/readings.json?%7B%22_limit%22:%2010,%20%22_sort%22:%20%22-dateTime%22%7D
2026-02-25 20:49:29,535 | INFO | transform | TRANSFORM: No reading for CONDUCTIVITY
2026-02-25 20:49:29,535 | INFO | transform | TRANSFORM: Fetching readings for: DISSOLVED OXYGEN (%)
2026-02-25 20:49:29,784 | ERROR | extract | EXTRACT: Fetch readings failed for http://environment.data.gov.uk/hydrology/id/measures/E64999A-do-i-subdaily-pct: 400 Client Error:  for url: https://environment.data.gov.uk/hydrology/id/measures/E64999A-do-i-subdaily-pct/readings.json?%7B%22_limit%22:%2010,%20%22_sort%22:%20%22-dateTime%22%7D
2026-02-25 20:49:29,799 | INFO | transform | TRANSFORM: No reading for DISSOLVED OXYGEN
2026-02-25 20:49:29,799 | INFO | transform | TRANSFORM: Fetching readings for: DISSOLVED OXYGEN (mg/L)
2026-02-25 20:49:29,980 | ERROR | extract | EXTRACT: Fetch readings failed for http://environment.data.gov.uk/hydrology/id/measures/E64999A-do-i-subdaily-mgL: 400 Client Error:  for url: https://environment.data.gov.uk/hydrology/id/measures/E64999A-do-i-subdaily-mgL/readings.json?%7B%22_limit%22:%2010,%20%22_sort%22:%20%22-dateTime%22%7D
2026-02-25 20:49:29,995 | INFO | transform | TRANSFORM: No reading for DISSOLVED OXYGEN
2026-02-25 20:49:29,995 | INFO | transform | TRANSFORM: Total readings Transformed: 0
2026-02-25 20:49:29,995 | INFO | transform | TRANSFORM: Created DataFrame with shape: (0, 0)
2026-02-25 20:49:29,995 | INFO | transform | TRANSFORM: Dimension DataFrame dim_station
2026-02-25 20:53:44,280 | INFO | __main__ | Starting ETL pipeline...
2026-02-25 20:53:44,280 | INFO | extract | EXTRACT: Checking API availability...
2026-02-25 20:53:44,434 | INFO | extract | EXTRACT: API is reachable - proceeding with extraction
2026-02-25 20:53:44,545 | INFO | extract | EXTRACT: Connected to API
2026-02-25 20:53:44,545 | INFO | extract | EXTRACT: Found: CONDUCTIVITY | ID: E64999A-cond-i-subdaily-uS | Unit: µS/cm
2026-02-25 20:53:44,545 | INFO | extract | EXTRACT: Found: DISSOLVED OXYGEN | ID: E64999A-do-i-subdaily-pct | Unit: %
2026-02-25 20:53:44,545 | INFO | extract | EXTRACT: Found: DISSOLVED OXYGEN | ID: E64999A-do-i-subdaily-mgL | Unit: mg/L
2026-02-25 20:53:44,545 | INFO | extract | EXTRACT: Discovered 3 measures
2026-02-25 20:53:44,545 | INFO | transform | TRANSFORM: Total measures found: 3
2026-02-25 20:53:44,545 | INFO | transform | TRANSFORM: Fetching readings for: CONDUCTIVITY (µS/cm)
2026-02-25 20:53:44,795 | ERROR | extract | EXTRACT: Fetch readings failed for http://environment.data.gov.uk/hydrology/id/measures/E64999A-cond-i-subdaily-uS: 400 Client Error:  for url: https://environment.data.gov.uk/hydrology/id/measures/E64999A-cond-i-subdaily-uS/readings.json?%7B%22_limit%22:%2010,%20%22_sort%22:%20%22-dateTime%22%7D
2026-02-25 20:53:44,795 | INFO | transform | TRANSFORM: No reading for CONDUCTIVITY
2026-02-25 20:53:44,795 | INFO | transform | TRANSFORM: Fetching readings for: DISSOLVED OXYGEN (%)
2026-02-25 20:53:45,053 | ERROR | extract | EXTRACT: Fetch readings failed for http://environment.data.gov.uk/hydrology/id/measures/E64999A-do-i-subdaily-pct: 400 Client Error:  for url: https://environment.data.gov.uk/hydrology/id/measures/E64999A-do-i-subdaily-pct/readings.json?%7B%22_limit%22:%2010,%20%22_sort%22:%20%22-dateTime%22%7D
2026-02-25 20:53:45,053 | INFO | transform | TRANSFORM: No reading for DISSOLVED OXYGEN
2026-02-25 20:53:45,053 | INFO | transform | TRANSFORM: Fetching readings for: DISSOLVED OXYGEN (mg/L)
2026-02-25 20:53:45,272 | ERROR | extract | EXTRACT: Fetch readings failed for http://environment.data.gov.uk/hydrology/id/measures/E64999A-do-i-subdaily-mgL: 400 Client Error:  for url: https://environment.data.gov.uk/hydrology/id/measures/E64999A-do-i-subdaily-mgL/readings.json?%7B%22_limit%22:%2010,%20%22_sort%22:%20%22-dateTime%22%7D
2026-02-25 20:53:45,272 | INFO | transform | TRANSFORM: No reading for DISSOLVED OXYGEN
2026-02-25 20:53:45,272 | INFO | transform | TRANSFORM: Total readings Transformed: 0
2026-02-25 20:53:45,288 | INFO | transform | TRANSFORM: Created DataFrame with shape: (0, 0)
2026-02-25 20:53:45,288 | INFO | transform | TRANSFORM: Dimension DataFrame dim_station
2026-02-25 20:54:20,931 | INFO | __main__ | Starting ETL pipeline...
2026-02-25 20:54:20,931 | INFO | extract | EXTRACT: Checking API availability...
2026-02-25 20:54:21,116 | INFO | extract | EXTRACT: API is reachable - proceeding with extraction
2026-02-25 20:54:21,261 | INFO | extract | EXTRACT: Connected to API
2026-02-25 20:54:21,261 | INFO | extract | EXTRACT: Found: CONDUCTIVITY | ID: E64999A-cond-i-subdaily-uS | Unit: µS/cm
2026-02-25 20:54:21,261 | INFO | extract | EXTRACT: Found: DISSOLVED OXYGEN | ID: E64999A-do-i-subdaily-pct | Unit: %
2026-02-25 20:54:21,261 | INFO | extract | EXTRACT: Found: DISSOLVED OXYGEN | ID: E64999A-do-i-subdaily-mgL | Unit: mg/L
2026-02-25 20:54:21,261 | INFO | extract | EXTRACT: Discovered 3 measures
2026-02-25 20:54:21,261 | INFO | transform | TRANSFORM: Total measures found: 3
2026-02-25 20:54:21,261 | INFO | transform | TRANSFORM: Fetching readings for: CONDUCTIVITY (µS/cm)
2026-02-25 20:54:21,487 | INFO | transform |   -> Transformed 10 readings for CONDUCTIVITY (µS/cm)
2026-02-25 20:54:21,487 | INFO | transform | TRANSFORM: Fetching readings for: DISSOLVED OXYGEN (%)
2026-02-25 20:54:21,685 | INFO | transform |   -> Transformed 10 readings for DISSOLVED OXYGEN (%)
2026-02-25 20:54:21,685 | INFO | transform | TRANSFORM: Fetching readings for: DISSOLVED OXYGEN (mg/L)
2026-02-25 20:54:21,942 | INFO | transform |   -> Transformed 10 readings for DISSOLVED OXYGEN (mg/L)
2026-02-25 20:54:21,942 | INFO | transform | TRANSFORM: Total readings Transformed: 30
2026-02-25 20:54:21,942 | INFO | transform | TRANSFORM: Created DataFrame with shape: (30, 12)
2026-02-25 20:54:21,942 | INFO | transform | TRANSFORM: Dimension DataFrame dim_station
2026-02-25 20:54:21,953 | INFO | transform | TRANSFORM: dim_station transformed 
2026-02-25 20:54:21,953 | INFO | transform | TRANSFORM: Dimension DataFrame dim_measure
2026-02-25 20:54:21,958 | INFO | transform | TRANSFORM: dim_measure transformed 
2026-02-25 20:54:21,958 | INFO | transform | TRANSFORM: Fact DataFrame
2026-02-25 20:54:21,962 | INFO | transform | TRANSFORM: Fact_df transformed 
2026-02-25 20:54:21,962 | INFO | load | LOAD: Connecting to SQLite database: hydrology.db
2026-02-25 20:54:21,980 | INFO | load | LOAD: Dropped existing tables
2026-02-25 20:54:21,983 | INFO | load | LOAD: Created dim_stations table
2026-02-25 20:54:21,988 | INFO | load | LOAD: Created dim_measures table
2026-02-25 20:54:21,988 | INFO | load | LOAD: Created fact_readings table
2026-02-25 20:54:21,995 | INFO | load | LOAD: Loaded 1 rows into dim_stations
2026-02-25 20:54:22,002 | INFO | load | LOAD: Loaded 3 rows into dim_measures
2026-02-25 20:54:22,009 | INFO | load | LOAD: Loaded 30 rows into fact_readings
2026-02-25 20:54:22,009 | INFO | load | LOAD: Successfully loaded all tables to SQLite
2026-02-25 20:54:22,009 | INFO | __main__ | ETL pipeline completed successfully
2026-02-25 20:55:28,277 | INFO | __main__ | Starting ETL pipeline...
2026-02-25 20:55:28,277 | INFO | extract | EXTRACT: Checking API availability...
2026-02-25 20:55:28,416 | INFO | extract | EXTRACT: API is reachable - proceeding with extraction
2026-02-25 20:55:28,542 | INFO | extract | EXTRACT: Connected to API
2026-02-25 20:55:28,542 | INFO | extract | EXTRACT: Found: DISSOLVED OXYGEN | ID: E64999A-do-i-subdaily-pct | Unit: %
2026-02-25 20:55:28,542 | INFO | extract | EXTRACT: Found: CONDUCTIVITY | ID: E64999A-cond-i-subdaily-uS | Unit: µS/cm
2026-02-25 20:55:28,542 | INFO | extract | EXTRACT: Found: DISSOLVED OXYGEN | ID: E64999A-do-i-subdaily-mgL | Unit: mg/L
2026-02-25 20:55:28,542 | INFO | extract | EXTRACT: Discovered 3 measures
2026-02-25 20:55:28,542 | INFO | transform | TRANSFORM: Total measures found: 3
2026-02-25 20:55:28,542 | INFO | transform | TRANSFORM: Fetching readings for: DISSOLVED OXYGEN (%)
2026-02-25 20:55:28,806 | ERROR | extract | EXTRACT: Fetch readings failed for http://environment.data.gov.uk/hydrology/id/measures/E64999A-do-i-subdaily-pct: 400 Client Error:  for url: https://environment.data.gov.uk/hydrology/id/measures/E64999A-do-i-subdaily-pct/readings.json?%7B%22_limit%22:%2010,%20%22_sort%22:%20%22-dateTime%22%7D
2026-02-25 20:55:28,806 | INFO | transform | TRANSFORM: No reading for DISSOLVED OXYGEN
2026-02-25 20:55:28,806 | INFO | transform | TRANSFORM: Fetching readings for: CONDUCTIVITY (µS/cm)
2026-02-25 20:55:29,083 | ERROR | extract | EXTRACT: Fetch readings failed for http://environment.data.gov.uk/hydrology/id/measures/E64999A-cond-i-subdaily-uS: 400 Client Error:  for url: https://environment.data.gov.uk/hydrology/id/measures/E64999A-cond-i-subdaily-uS/readings.json?%7B%22_limit%22:%2010,%20%22_sort%22:%20%22-dateTime%22%7D
2026-02-25 20:55:29,083 | INFO | transform | TRANSFORM: No reading for CONDUCTIVITY
2026-02-25 20:55:29,083 | INFO | transform | TRANSFORM: Fetching readings for: DISSOLVED OXYGEN (mg/L)
2026-02-25 20:55:29,261 | ERROR | extract | EXTRACT: Fetch readings failed for http://environment.data.gov.uk/hydrology/id/measures/E64999A-do-i-subdaily-mgL: 400 Client Error:  for url: https://environment.data.gov.uk/hydrology/id/measures/E64999A-do-i-subdaily-mgL/readings.json?%7B%22_limit%22:%2010,%20%22_sort%22:%20%22-dateTime%22%7D
2026-02-25 20:55:29,277 | INFO | transform | TRANSFORM: No reading for DISSOLVED OXYGEN
2026-02-25 20:55:29,277 | INFO | transform | TRANSFORM: Total readings Transformed: 0
2026-02-25 20:55:29,277 | INFO | transform | TRANSFORM: Created DataFrame with shape: (0, 0)
2026-02-25 20:55:29,277 | INFO | transform | TRANSFORM: Dimension DataFrame dim_station
2026-02-25 20:57:16,896 | INFO | __main__ | Starting ETL pipeline...
2026-02-25 20:57:16,896 | INFO | extract | EXTRACT: Checking API availability...
2026-02-25 20:57:17,058 | INFO | extract | EXTRACT: API is reachable - proceeding with extraction
2026-02-25 20:57:17,162 | INFO | extract | EXTRACT: Connected to API
2026-02-25 20:57:17,162 | INFO | extract | EXTRACT: Found: DISSOLVED OXYGEN | ID: E64999A-do-i-subdaily-pct | Unit: %
2026-02-25 20:57:17,162 | INFO | extract | EXTRACT: Found: CONDUCTIVITY | ID: E64999A-cond-i-subdaily-uS | Unit: µS/cm
2026-02-25 20:57:17,162 | INFO | extract | EXTRACT: Found: DISSOLVED OXYGEN | ID: E64999A-do-i-subdaily-mgL | Unit: mg/L
2026-02-25 20:57:17,162 | INFO | extract | EXTRACT: Discovered 3 measures
2026-02-25 20:57:17,162 | INFO | transform | TRANSFORM: Total measures found: 3
2026-02-25 20:57:17,162 | INFO | transform | TRANSFORM: Fetching readings for: DISSOLVED OXYGEN (%)
2026-02-25 20:57:17,516 | INFO | transform |   -> Transformed 10 readings for DISSOLVED OXYGEN (%)
2026-02-25 20:57:17,516 | INFO | transform | TRANSFORM: Fetching readings for: CONDUCTIVITY (µS/cm)
2026-02-25 20:57:17,735 | INFO | transform |   -> Transformed 10 readings for CONDUCTIVITY (µS/cm)
2026-02-25 20:57:17,735 | INFO | transform | TRANSFORM: Fetching readings for: DISSOLVED OXYGEN (mg/L)
2026-02-25 20:57:17,924 | INFO | transform |   -> Transformed 10 readings for DISSOLVED OXYGEN (mg/L)
2026-02-25 20:57:17,924 | INFO | transform | TRANSFORM: Total readings Transformed: 30
2026-02-25 20:57:17,924 | INFO | transform | TRANSFORM: Created DataFrame with shape: (30, 12)
2026-02-25 20:57:17,924 | INFO | transform | TRANSFORM: Dimension DataFrame dim_station
2026-02-25 20:57:17,924 | INFO | transform | TRANSFORM: dim_station transformed 
2026-02-25 20:57:17,924 | INFO | transform | TRANSFORM: Dimension DataFrame dim_measure
2026-02-25 20:57:17,934 | INFO | transform | TRANSFORM: dim_measure transformed 
2026-02-25 20:57:17,934 | INFO | transform | TRANSFORM: Fact DataFrame
2026-02-25 20:57:17,939 | INFO | transform | TRANSFORM: Fact_df transformed 
2026-02-25 20:57:17,939 | INFO | load | LOAD: Connecting to SQLite database: hydrology.db
2026-02-25 20:57:17,952 | INFO | load | LOAD: Dropped existing tables
2026-02-25 20:57:17,952 | INFO | load | LOAD: Created dim_stations table
2026-02-25 20:57:17,952 | INFO | load | LOAD: Created dim_measures table
2026-02-25 20:57:17,960 | INFO | load | LOAD: Created fact_readings table
2026-02-25 20:57:17,968 | INFO | load | LOAD: Loaded 1 rows into dim_stations
2026-02-25 20:57:17,973 | INFO | load | LOAD: Loaded 3 rows into dim_measures
2026-02-25 20:57:17,979 | INFO | load | LOAD: Loaded 30 rows into fact_readings
2026-02-25 20:57:17,979 | INFO | load | LOAD: Successfully loaded all tables to SQLite
2026-02-25 20:57:17,979 | INFO | __main__ | ETL pipeline completed successfully
2026-02-25 20:58:29,266 | INFO | __main__ | Starting ETL pipeline...
2026-02-25 20:58:29,266 | INFO | extract | EXTRACT: Checking API availability...
2026-02-25 20:58:29,418 | INFO | extract | EXTRACT: API is reachable - proceeding with extraction
2026-02-25 20:58:29,536 | INFO | extract | EXTRACT: Connected to API
2026-02-25 20:58:29,536 | INFO | extract | EXTRACT: Found: CONDUCTIVITY | ID: E64999A-cond-i-subdaily-uS | Unit: µS/cm
2026-02-25 20:58:29,536 | INFO | extract | EXTRACT: Found: DISSOLVED OXYGEN | ID: E64999A-do-i-subdaily-pct | Unit: %
2026-02-25 20:58:29,536 | INFO | extract | EXTRACT: Found: DISSOLVED OXYGEN | ID: E64999A-do-i-subdaily-mgL | Unit: mg/L
2026-02-25 20:58:29,536 | INFO | extract | EXTRACT: Discovered 3 measures
2026-02-25 20:58:29,536 | INFO | transform | TRANSFORM: Total measures found: 3
2026-02-25 20:58:29,536 | INFO | transform | TRANSFORM: Fetching readings for: CONDUCTIVITY (µS/cm)
2026-02-25 20:58:29,725 | ERROR | extract | EXTRACT: Fetch readings failed for http://environment.data.gov.uk/hydrology/id/measures/E64999A-cond-i-subdaily-uS: 400 Client Error:  for url: https://environment.data.gov.uk/hydrology/id/measures/E64999A-cond-i-subdaily-uS/readings.json?%7B%22_limit%22:%2010,%20%22_sort%22:%20%22-dateTime%22%7D
2026-02-25 20:58:29,725 | INFO | transform | TRANSFORM: No reading for CONDUCTIVITY
2026-02-25 20:58:29,725 | INFO | transform | TRANSFORM: Fetching readings for: DISSOLVED OXYGEN (%)
2026-02-25 20:58:29,899 | ERROR | extract | EXTRACT: Fetch readings failed for http://environment.data.gov.uk/hydrology/id/measures/E64999A-do-i-subdaily-pct: 400 Client Error:  for url: https://environment.data.gov.uk/hydrology/id/measures/E64999A-do-i-subdaily-pct/readings.json?%7B%22_limit%22:%2010,%20%22_sort%22:%20%22-dateTime%22%7D
2026-02-25 20:58:29,899 | INFO | transform | TRANSFORM: No reading for DISSOLVED OXYGEN
2026-02-25 20:58:29,899 | INFO | transform | TRANSFORM: Fetching readings for: DISSOLVED OXYGEN (mg/L)
2026-02-25 20:58:30,066 | ERROR | extract | EXTRACT: Fetch readings failed for http://environment.data.gov.uk/hydrology/id/measures/E64999A-do-i-subdaily-mgL: 400 Client Error:  for url: https://environment.data.gov.uk/hydrology/id/measures/E64999A-do-i-subdaily-mgL/readings.json?%7B%22_limit%22:%2010,%20%22_sort%22:%20%22-dateTime%22%7D
2026-02-25 20:58:30,066 | INFO | transform | TRANSFORM: No reading for DISSOLVED OXYGEN
2026-02-25 20:58:30,066 | INFO | transform | TRANSFORM: Total readings Transformed: 0
2026-02-25 20:58:30,071 | INFO | transform | TRANSFORM: Created DataFrame with shape: (0, 0)
2026-02-25 20:58:30,071 | INFO | transform | TRANSFORM: Dimension DataFrame dim_station
2026-02-25 20:59:34,006 | INFO | __main__ | Starting ETL pipeline...
2026-02-25 20:59:34,006 | INFO | extract | EXTRACT: Checking API availability...
2026-02-25 20:59:34,146 | INFO | extract | EXTRACT: API is reachable - proceeding with extraction
2026-02-25 20:59:34,290 | INFO | extract | EXTRACT: Connected to API
2026-02-25 20:59:34,290 | INFO | extract | EXTRACT: Found: DISSOLVED OXYGEN | ID: E64999A-do-i-subdaily-mgL | Unit: mg/L
2026-02-25 20:59:34,290 | INFO | extract | EXTRACT: Found: CONDUCTIVITY | ID: E64999A-cond-i-subdaily-uS | Unit: µS/cm
2026-02-25 20:59:34,290 | INFO | extract | EXTRACT: Found: DISSOLVED OXYGEN | ID: E64999A-do-i-subdaily-pct | Unit: %
2026-02-25 20:59:34,290 | INFO | extract | EXTRACT: Discovered 3 measures
2026-02-25 20:59:34,290 | INFO | transform | TRANSFORM: Total measures found: 3
2026-02-25 20:59:34,290 | INFO | transform | TRANSFORM: Fetching readings for: DISSOLVED OXYGEN (mg/L)
2026-02-25 20:59:34,460 | ERROR | extract | EXTRACT: Fetch readings failed for http://environment.data.gov.uk/hydrology/id/measures/E64999A-do-i-subdaily-mgL: 400 Client Error:  for url: https://environment.data.gov.uk/hydrology/id/measures/E64999A-do-i-subdaily-mgL/readings.json?%7B%22_limit%22:%2010,%20%22_sort%22:%20%22-dateTime%22%7D
2026-02-25 20:59:34,463 | INFO | transform | TRANSFORM: No reading for DISSOLVED OXYGEN
2026-02-25 20:59:34,463 | INFO | transform | TRANSFORM: Fetching readings for: CONDUCTIVITY (µS/cm)
2026-02-25 20:59:34,727 | ERROR | extract | EXTRACT: Fetch readings failed for http://environment.data.gov.uk/hydrology/id/measures/E64999A-cond-i-subdaily-uS: 400 Client Error:  for url: https://environment.data.gov.uk/hydrology/id/measures/E64999A-cond-i-subdaily-uS/readings.json?%7B%22_limit%22:%2010,%20%22_sort%22:%20%22-dateTime%22%7D
2026-02-25 20:59:34,728 | INFO | transform | TRANSFORM: No reading for CONDUCTIVITY
2026-02-25 20:59:34,728 | INFO | transform | TRANSFORM: Fetching readings for: DISSOLVED OXYGEN (%)
2026-02-25 20:59:35,210 | ERROR | extract | EXTRACT: Fetch readings failed for http://environment.data.gov.uk/hydrology/id/measures/E64999A-do-i-subdaily-pct: 400 Client Error:  for url: https://environment.data.gov.uk/hydrology/id/measures/E64999A-do-i-subdaily-pct/readings.json?%7B%22_limit%22:%2010,%20%22_sort%22:%20%22-dateTime%22%7D
2026-02-25 20:59:35,210 | INFO | transform | TRANSFORM: No reading for DISSOLVED OXYGEN
2026-02-25 20:59:35,210 | INFO | transform | TRANSFORM: Total readings Transformed: 0
2026-02-25 20:59:35,210 | INFO | transform | TRANSFORM: Created DataFrame with shape: (0, 0)
2026-02-25 20:59:35,210 | INFO | transform | TRANSFORM: Dimension DataFrame dim_station
2026-02-25 21:00:05,327 | INFO | __main__ | Starting ETL pipeline...
2026-02-25 21:00:05,327 | INFO | extract | EXTRACT: Checking API availability...
2026-02-25 21:00:05,536 | INFO | extract | EXTRACT: API is reachable - proceeding with extraction
2026-02-25 21:00:05,674 | INFO | extract | EXTRACT: Connected to API
2026-02-25 21:00:05,674 | INFO | extract | EXTRACT: Found: DISSOLVED OXYGEN | ID: E64999A-do-i-subdaily-mgL | Unit: mg/L
2026-02-25 21:00:05,674 | INFO | extract | EXTRACT: Found: CONDUCTIVITY | ID: E64999A-cond-i-subdaily-uS | Unit: µS/cm
2026-02-25 21:00:05,674 | INFO | extract | EXTRACT: Found: DISSOLVED OXYGEN | ID: E64999A-do-i-subdaily-pct | Unit: %
2026-02-25 21:00:05,690 | INFO | extract | EXTRACT: Discovered 3 measures
2026-02-25 21:00:05,690 | INFO | transform | TRANSFORM: Total measures found: 3
2026-02-25 21:00:05,690 | INFO | transform | TRANSFORM: Fetching readings for: DISSOLVED OXYGEN (mg/L)
2026-02-25 21:00:05,858 | ERROR | extract | EXTRACT: Fetch readings failed for http://environment.data.gov.uk/hydrology/id/measures/E64999A-do-i-subdaily-mgL: 400 Client Error:  for url: https://environment.data.gov.uk/hydrology/id/measures/E64999A-do-i-subdaily-mgL/readings.json?%7B%22_limit%22:%2010,%20%22_sort%22:%20%22-dateTime%22%7D
2026-02-25 21:00:05,858 | INFO | transform | TRANSFORM: No reading for DISSOLVED OXYGEN
2026-02-25 21:00:05,858 | INFO | transform | TRANSFORM: Fetching readings for: CONDUCTIVITY (µS/cm)
2026-02-25 21:00:06,053 | ERROR | extract | EXTRACT: Fetch readings failed for http://environment.data.gov.uk/hydrology/id/measures/E64999A-cond-i-subdaily-uS: 400 Client Error:  for url: https://environment.data.gov.uk/hydrology/id/measures/E64999A-cond-i-subdaily-uS/readings.json?%7B%22_limit%22:%2010,%20%22_sort%22:%20%22-dateTime%22%7D
2026-02-25 21:00:06,053 | INFO | transform | TRANSFORM: No reading for CONDUCTIVITY
2026-02-25 21:00:06,053 | INFO | transform | TRANSFORM: Fetching readings for: DISSOLVED OXYGEN (%)
2026-02-25 21:00:06,234 | ERROR | extract | EXTRACT: Fetch readings failed for http://environment.data.gov.uk/hydrology/id/measures/E64999A-do-i-subdaily-pct: 400 Client Error:  for url: https://environment.data.gov.uk/hydrology/id/measures/E64999A-do-i-subdaily-pct/readings.json?%7B%22_limit%22:%2010,%20%22_sort%22:%20%22-dateTime%22%7D
2026-02-25 21:00:06,234 | INFO | transform | TRANSFORM: No reading for DISSOLVED OXYGEN
2026-02-25 21:00:06,234 | INFO | transform | TRANSFORM: Total readings Transformed: 0
2026-02-25 21:00:06,234 | INFO | transform | TRANSFORM: Created DataFrame with shape: (0, 0)
2026-02-25 21:00:06,234 | INFO | transform | TRANSFORM: Dimension DataFrame dim_station
2026-02-25 21:01:40,891 | INFO | __main__ | Starting ETL pipeline...
2026-02-25 21:01:40,891 | INFO | extract | EXTRACT: Checking API availability...
2026-02-25 21:01:41,065 | INFO | extract | EXTRACT: API is reachable - proceeding with extraction
2026-02-25 21:01:41,600 | INFO | extract | EXTRACT: Connected to API
2026-02-25 21:01:41,600 | INFO | extract | EXTRACT: Found: DISSOLVED OXYGEN | ID: E64999A-do-i-subdaily-mgL | Unit: mg/L
2026-02-25 21:01:41,600 | INFO | extract | EXTRACT: Found: CONDUCTIVITY | ID: E64999A-cond-i-subdaily-uS | Unit: µS/cm
2026-02-25 21:01:41,600 | INFO | extract | EXTRACT: Found: DISSOLVED OXYGEN | ID: E64999A-do-i-subdaily-pct | Unit: %
2026-02-25 21:01:41,600 | INFO | extract | EXTRACT: Discovered 3 measures
2026-02-25 21:01:41,600 | INFO | transform | TRANSFORM: Total measures found: 3
2026-02-25 21:01:41,600 | INFO | transform | TRANSFORM: Fetching readings for: DISSOLVED OXYGEN (mg/L)
2026-02-25 21:01:41,856 | INFO | transform |   -> Transformed 10 readings for DISSOLVED OXYGEN (mg/L)
2026-02-25 21:01:41,872 | INFO | transform | TRANSFORM: Fetching readings for: CONDUCTIVITY (µS/cm)
2026-02-25 21:01:42,102 | INFO | transform |   -> Transformed 10 readings for CONDUCTIVITY (µS/cm)
2026-02-25 21:01:42,102 | INFO | transform | TRANSFORM: Fetching readings for: DISSOLVED OXYGEN (%)
2026-02-25 21:01:42,338 | INFO | transform |   -> Transformed 10 readings for DISSOLVED OXYGEN (%)
2026-02-25 21:01:42,338 | INFO | transform | TRANSFORM: Total readings Transformed: 30
2026-02-25 21:01:42,338 | INFO | transform | TRANSFORM: Created DataFrame with shape: (30, 12)
2026-02-25 21:01:42,338 | INFO | transform | TRANSFORM: Dimension DataFrame dim_station
2026-02-25 21:01:42,338 | INFO | transform | TRANSFORM: dim_station transformed 
2026-02-25 21:01:42,338 | INFO | transform | TRANSFORM: Dimension DataFrame dim_measure
2026-02-25 21:01:42,347 | INFO | transform | TRANSFORM: dim_measure transformed 
2026-02-25 21:01:42,348 | INFO | transform | TRANSFORM: Fact DataFrame
2026-02-25 21:01:42,352 | INFO | transform | TRANSFORM: Fact_df transformed 
2026-02-25 21:01:42,352 | INFO | load | LOAD: Connecting to SQLite database: hydrology.db
2026-02-25 21:01:42,368 | INFO | load | LOAD: Dropped existing tables
2026-02-25 21:01:42,371 | INFO | load | LOAD: Created dim_stations table
2026-02-25 21:01:42,374 | INFO | load | LOAD: Created dim_measures table
2026-02-25 21:01:42,378 | INFO | load | LOAD: Created fact_readings table
2026-02-25 21:01:42,385 | INFO | load | LOAD: Loaded 1 rows into dim_stations
2026-02-25 21:01:42,392 | INFO | load | LOAD: Loaded 3 rows into dim_measures
2026-02-25 21:01:42,392 | INFO | load | LOAD: Loaded 30 rows into fact_readings
2026-02-25 21:01:42,398 | INFO | load | LOAD: Successfully loaded all tables to SQLite
2026-02-25 21:01:42,399 | INFO | __main__ | ETL pipeline completed successfully
2026-02-25 21:02:10,326 | INFO | __main__ | Starting ETL pipeline...
2026-02-25 21:02:10,326 | INFO | extract | EXTRACT: Checking API availability...
2026-02-25 21:02:10,452 | INFO | extract | EXTRACT: API is reachable - proceeding with extraction
2026-02-25 21:02:10,573 | INFO | extract | EXTRACT: Connected to API
2026-02-25 21:02:10,573 | INFO | extract | EXTRACT: Found: DISSOLVED OXYGEN | ID: E64999A-do-i-subdaily-mgL | Unit: mg/L
2026-02-25 21:02:10,573 | INFO | extract | EXTRACT: Found: CONDUCTIVITY | ID: E64999A-cond-i-subdaily-uS | Unit: µS/cm
2026-02-25 21:02:10,573 | INFO | extract | EXTRACT: Found: DISSOLVED OXYGEN | ID: E64999A-do-i-subdaily-pct | Unit: %
2026-02-25 21:02:10,573 | INFO | extract | EXTRACT: Discovered 3 measures
2026-02-25 21:02:10,573 | INFO | transform | TRANSFORM: Total measures found: 3
2026-02-25 21:02:10,573 | INFO | transform | TRANSFORM: Fetching readings for: DISSOLVED OXYGEN (mg/L)
2026-02-25 21:02:10,753 | ERROR | extract | EXTRACT: Fetch readings failed for http://environment.data.gov.uk/hydrology/id/measures/E64999A-do-i-subdaily-mgL: 400 Client Error:  for url: https://environment.data.gov.uk/hydrology/id/measures/E64999A-do-i-subdaily-mgL/readings.json?%7B%22_limit%22:%2010,%20%22_sort%22:%20%22-dateTime%22%7D
2026-02-25 21:02:10,761 | INFO | transform | TRANSFORM: No reading for DISSOLVED OXYGEN
2026-02-25 21:02:10,761 | INFO | transform | TRANSFORM: Fetching readings for: CONDUCTIVITY (µS/cm)
2026-02-25 21:02:10,921 | ERROR | extract | EXTRACT: Fetch readings failed for http://environment.data.gov.uk/hydrology/id/measures/E64999A-cond-i-subdaily-uS: 400 Client Error:  for url: https://environment.data.gov.uk/hydrology/id/measures/E64999A-cond-i-subdaily-uS/readings.json?%7B%22_limit%22:%2010,%20%22_sort%22:%20%22-dateTime%22%7D
2026-02-25 21:02:10,921 | INFO | transform | TRANSFORM: No reading for CONDUCTIVITY
2026-02-25 21:02:10,921 | INFO | transform | TRANSFORM: Fetching readings for: DISSOLVED OXYGEN (%)
2026-02-25 21:02:11,088 | ERROR | extract | EXTRACT: Fetch readings failed for http://environment.data.gov.uk/hydrology/id/measures/E64999A-do-i-subdaily-pct: 400 Client Error:  for url: https://environment.data.gov.uk/hydrology/id/measures/E64999A-do-i-subdaily-pct/readings.json?%7B%22_limit%22:%2010,%20%22_sort%22:%20%22-dateTime%22%7D
2026-02-25 21:02:11,089 | INFO | transform | TRANSFORM: No reading for DISSOLVED OXYGEN
2026-02-25 21:02:11,089 | INFO | transform | TRANSFORM: Total readings Transformed: 0
2026-02-25 21:02:11,091 | INFO | transform | TRANSFORM: Created DataFrame with shape: (0, 0)
2026-02-25 21:02:11,091 | INFO | transform | TRANSFORM: Dimension DataFrame dim_station
2026-02-25 21:03:04,422 | INFO | __main__ | Starting ETL pipeline...
2026-02-25 21:03:04,422 | INFO | extract | EXTRACT: Checking API availability...
2026-02-25 21:03:04,556 | INFO | extract | EXTRACT: API is reachable - proceeding with extraction
2026-02-25 21:03:04,676 | INFO | extract | EXTRACT: Connected to API
2026-02-25 21:03:04,676 | INFO | extract | EXTRACT: Found: DISSOLVED OXYGEN | ID: E64999A-do-i-subdaily-pct | Unit: %
2026-02-25 21:03:04,676 | INFO | extract | EXTRACT: Found: CONDUCTIVITY | ID: E64999A-cond-i-subdaily-uS | Unit: µS/cm
2026-02-25 21:03:04,676 | INFO | extract | EXTRACT: Found: DISSOLVED OXYGEN | ID: E64999A-do-i-subdaily-mgL | Unit: mg/L
2026-02-25 21:03:04,676 | INFO | extract | EXTRACT: Discovered 3 measures
2026-02-25 21:03:04,676 | INFO | transform | TRANSFORM: Total measures found: 3
2026-02-25 21:03:04,676 | INFO | transform | TRANSFORM: Fetching readings for: DISSOLVED OXYGEN (%)
2026-02-25 21:03:04,877 | ERROR | extract | EXTRACT: Fetch readings failed for http://environment.data.gov.uk/hydrology/id/measures/E64999A-do-i-subdaily-pct: 400 Client Error:  for url: https://environment.data.gov.uk/hydrology/id/measures/E64999A-do-i-subdaily-pct/readings.json?%7B%22_limit%22:%2010,%20%22_sort%22:%20%22-dateTime%22%7D
2026-02-25 21:03:04,877 | INFO | transform | TRANSFORM: No reading for DISSOLVED OXYGEN
2026-02-25 21:03:04,877 | INFO | transform | TRANSFORM: Fetching readings for: CONDUCTIVITY (µS/cm)
2026-02-25 21:03:05,044 | ERROR | extract | EXTRACT: Fetch readings failed for http://environment.data.gov.uk/hydrology/id/measures/E64999A-cond-i-subdaily-uS: 400 Client Error:  for url: https://environment.data.gov.uk/hydrology/id/measures/E64999A-cond-i-subdaily-uS/readings.json?%7B%22_limit%22:%2010,%20%22_sort%22:%20%22-dateTime%22%7D
2026-02-25 21:03:05,044 | INFO | transform | TRANSFORM: No reading for CONDUCTIVITY
2026-02-25 21:03:05,044 | INFO | transform | TRANSFORM: Fetching readings for: DISSOLVED OXYGEN (mg/L)
2026-02-25 21:03:05,245 | ERROR | extract | EXTRACT: Fetch readings failed for http://environment.data.gov.uk/hydrology/id/measures/E64999A-do-i-subdaily-mgL: 400 Client Error:  for url: https://environment.data.gov.uk/hydrology/id/measures/E64999A-do-i-subdaily-mgL/readings.json?%7B%22_limit%22:%2010,%20%22_sort%22:%20%22-dateTime%22%7D
2026-02-25 21:03:05,245 | INFO | transform | TRANSFORM: No reading for DISSOLVED OXYGEN
2026-02-25 21:03:05,245 | INFO | transform | TRANSFORM: Total readings Transformed: 0
2026-02-25 21:03:05,245 | INFO | transform | TRANSFORM: Created DataFrame with shape: (0, 0)
2026-02-25 21:03:05,245 | INFO | transform | TRANSFORM: Dimension DataFrame dim_station
2026-02-25 21:04:06,233 | INFO | __main__ | Starting ETL pipeline...
2026-02-25 21:04:06,233 | INFO | extract | EXTRACT: Checking API availability...
2026-02-25 21:04:06,385 | INFO | extract | EXTRACT: API is reachable - proceeding with extraction
2026-02-25 21:04:06,525 | INFO | extract | EXTRACT: Connected to API
2026-02-25 21:04:06,525 | INFO | extract | EXTRACT: Found: DISSOLVED OXYGEN | ID: E64999A-do-i-subdaily-pct | Unit: %
2026-02-25 21:04:06,525 | INFO | extract | EXTRACT: Found: CONDUCTIVITY | ID: E64999A-cond-i-subdaily-uS | Unit: µS/cm
2026-02-25 21:04:06,525 | INFO | extract | EXTRACT: Found: DISSOLVED OXYGEN | ID: E64999A-do-i-subdaily-mgL | Unit: mg/L
2026-02-25 21:04:06,525 | INFO | extract | EXTRACT: Discovered 3 measures
2026-02-25 21:04:06,525 | INFO | transform | TRANSFORM: Total measures found: 3
2026-02-25 21:04:06,525 | INFO | transform | TRANSFORM: Fetching readings for: DISSOLVED OXYGEN (%)
2026-02-25 21:04:06,694 | INFO | transform |   -> Transformed 10 readings for DISSOLVED OXYGEN (%)
2026-02-25 21:04:06,694 | INFO | transform | TRANSFORM: Fetching readings for: CONDUCTIVITY (µS/cm)
2026-02-25 21:04:06,869 | INFO | transform |   -> Transformed 10 readings for CONDUCTIVITY (µS/cm)
2026-02-25 21:04:06,869 | INFO | transform | TRANSFORM: Fetching readings for: DISSOLVED OXYGEN (mg/L)
2026-02-25 21:04:07,106 | INFO | transform |   -> Transformed 10 readings for DISSOLVED OXYGEN (mg/L)
2026-02-25 21:04:07,106 | INFO | transform | TRANSFORM: Total readings Transformed: 30
2026-02-25 21:04:07,106 | INFO | transform | TRANSFORM: Created DataFrame with shape: (30, 12)
2026-02-25 21:04:07,106 | INFO | transform | TRANSFORM: Dimension DataFrame dim_station
2026-02-25 21:04:07,121 | INFO | transform | TRANSFORM: dim_station transformed 
2026-02-25 21:04:07,121 | INFO | transform | TRANSFORM: Dimension DataFrame dim_measure
2026-02-25 21:04:07,125 | INFO | transform | TRANSFORM: dim_measure transformed 
2026-02-25 21:04:07,126 | INFO | transform | TRANSFORM: Fact DataFrame
2026-02-25 21:04:07,132 | INFO | transform | TRANSFORM: Fact_df transformed 
2026-02-25 21:04:07,132 | INFO | load | LOAD: Connecting to SQLite database: hydrology.db
2026-02-25 21:04:07,145 | INFO | load | LOAD: Dropped existing tables
2026-02-25 21:04:07,147 | INFO | load | LOAD: Created dim_stations table
2026-02-25 21:04:07,149 | INFO | load | LOAD: Created dim_measures table
2026-02-25 21:04:07,153 | INFO | load | LOAD: Created fact_readings table
2026-02-25 21:04:07,156 | INFO | load | LOAD: Loaded 1 rows into dim_stations
2026-02-25 21:04:07,166 | INFO | load | LOAD: Loaded 3 rows into dim_measures
2026-02-25 21:04:07,170 | INFO | load | LOAD: Loaded 30 rows into fact_readings
2026-02-25 21:04:07,170 | INFO | load | LOAD: Successfully loaded all tables to SQLite
2026-02-25 21:04:07,170 | INFO | __main__ | ETL pipeline completed successfully
2026-02-25 21:05:19,094 | INFO | __main__ | Starting ETL pipeline...
2026-02-25 21:05:19,094 | INFO | extract | EXTRACT: Checking API availability...
2026-02-25 21:05:19,445 | INFO | extract | EXTRACT: API is reachable - proceeding with extraction
2026-02-25 21:05:19,576 | INFO | extract | EXTRACT: Connected to API
2026-02-25 21:05:19,576 | INFO | extract | EXTRACT: Found: DISSOLVED OXYGEN | ID: E64999A-do-i-subdaily-mgL | Unit: mg/L
2026-02-25 21:05:19,576 | INFO | extract | EXTRACT: Found: CONDUCTIVITY | ID: E64999A-cond-i-subdaily-uS | Unit: µS/cm
2026-02-25 21:05:19,576 | INFO | extract | EXTRACT: Found: DISSOLVED OXYGEN | ID: E64999A-do-i-subdaily-pct | Unit: %
2026-02-25 21:05:19,576 | INFO | extract | EXTRACT: Discovered 3 measures
2026-02-25 21:05:19,576 | INFO | transform | TRANSFORM: Total measures found: 3
2026-02-25 21:05:19,576 | INFO | transform | TRANSFORM: Fetching readings for: DISSOLVED OXYGEN (mg/L)
2026-02-25 21:05:19,799 | INFO | transform |   -> Transformed 10 readings for DISSOLVED OXYGEN (mg/L)
2026-02-25 21:05:19,799 | INFO | transform | TRANSFORM: Fetching readings for: CONDUCTIVITY (µS/cm)
2026-02-25 21:05:19,987 | INFO | transform |   -> Transformed 10 readings for CONDUCTIVITY (µS/cm)
2026-02-25 21:05:19,987 | INFO | transform | TRANSFORM: Fetching readings for: DISSOLVED OXYGEN (%)
2026-02-25 21:05:20,213 | INFO | transform |   -> Transformed 10 readings for DISSOLVED OXYGEN (%)
2026-02-25 21:05:20,213 | INFO | transform | TRANSFORM: Total readings Transformed: 30
2026-02-25 21:05:20,213 | INFO | transform | TRANSFORM: Created DataFrame with shape: (30, 12)
2026-02-25 21:05:20,213 | INFO | transform | TRANSFORM: Dimension DataFrame dim_station
2026-02-25 21:05:20,213 | INFO | transform | TRANSFORM: dim_station transformed 
2026-02-25 21:05:20,213 | INFO | transform | TRANSFORM: Dimension DataFrame dim_measure
2026-02-25 21:05:20,224 | INFO | transform | TRANSFORM: dim_measure transformed 
2026-02-25 21:05:20,225 | INFO | transform | TRANSFORM: Fact DataFrame
2026-02-25 21:05:20,228 | INFO | transform | TRANSFORM: Fact_df transformed 
2026-02-25 21:05:20,228 | INFO | load | LOAD: Connecting to SQLite database: hydrology.db
2026-02-25 21:05:20,233 | INFO | load | LOAD: Dropped existing tables
2026-02-25 21:05:20,243 | INFO | load | LOAD: Created dim_stations table
2026-02-25 21:05:20,246 | INFO | load | LOAD: Created dim_measures table
2026-02-25 21:05:20,250 | INFO | load | LOAD: Created fact_readings table
2026-02-25 21:05:20,253 | INFO | load | LOAD: Loaded 1 rows into dim_stations
2026-02-25 21:05:20,260 | INFO | load | LOAD: Loaded 3 rows into dim_measures
2026-02-25 21:05:20,267 | INFO | load | LOAD: Loaded 30 rows into fact_readings
2026-02-25 21:05:20,267 | INFO | load | LOAD: Successfully loaded all tables to SQLite
2026-02-25 21:05:20,267 | INFO | __main__ | ETL pipeline completed successfully
2026-02-25 21:10:17,026 | INFO | __main__ | Starting ETL pipeline...
2026-02-25 21:10:17,026 | INFO | extract | EXTRACT: Checking API availability...
2026-02-25 21:10:17,164 | INFO | extract | EXTRACT: API is reachable - proceeding with extraction
2026-02-25 21:10:17,265 | INFO | extract | EXTRACT: Connected to API
2026-02-25 21:10:17,265 | INFO | extract | EXTRACT: Found: CONDUCTIVITY | ID: E64999A-cond-i-subdaily-uS | Unit: µS/cm
2026-02-25 21:10:17,265 | INFO | extract | EXTRACT: Found: DISSOLVED OXYGEN | ID: E64999A-do-i-subdaily-pct | Unit: %
2026-02-25 21:10:17,281 | INFO | extract | EXTRACT: Found: DISSOLVED OXYGEN | ID: E64999A-do-i-subdaily-mgL | Unit: mg/L
2026-02-25 21:10:17,281 | INFO | extract | EXTRACT: Discovered 3 measures
2026-02-25 21:10:17,281 | INFO | transform | TRANSFORM: Total measures found: 3
2026-02-25 21:10:17,281 | INFO | transform | TRANSFORM: Fetching readings for: CONDUCTIVITY (µS/cm)
2026-02-25 21:10:18,773 | INFO | transform |   -> Transformed 16394 readings for CONDUCTIVITY (µS/cm)
2026-02-25 21:10:18,773 | INFO | transform | TRANSFORM: Fetching readings for: DISSOLVED OXYGEN (%)
2026-02-25 21:10:20,419 | INFO | transform |   -> Transformed 16394 readings for DISSOLVED OXYGEN (%)
2026-02-25 21:10:20,419 | INFO | transform | TRANSFORM: Fetching readings for: DISSOLVED OXYGEN (mg/L)
2026-02-25 21:10:21,238 | INFO | transform |   -> Transformed 16394 readings for DISSOLVED OXYGEN (mg/L)
2026-02-25 21:10:21,238 | INFO | transform | TRANSFORM: Total readings Transformed: 49182
2026-02-25 21:10:21,366 | INFO | transform | TRANSFORM: Created DataFrame with shape: (49182, 12)
2026-02-25 21:10:21,366 | INFO | transform | TRANSFORM: Dimension DataFrame dim_station
2026-02-25 21:10:21,390 | INFO | transform | TRANSFORM: dim_station transformed 
2026-02-25 21:10:21,390 | INFO | transform | TRANSFORM: Dimension DataFrame dim_measure
2026-02-25 21:10:21,416 | INFO | transform | TRANSFORM: dim_measure transformed 
2026-02-25 21:10:21,422 | INFO | transform | TRANSFORM: Fact DataFrame
2026-02-25 21:10:21,472 | INFO | transform | TRANSFORM: Fact_df transformed 
2026-02-25 21:10:21,505 | INFO | load | LOAD: Connecting to SQLite database: hydrology.db
2026-02-25 21:10:21,520 | INFO | load | LOAD: Dropped existing tables
2026-02-25 21:10:21,523 | INFO | load | LOAD: Created dim_stations table
2026-02-25 21:10:21,523 | INFO | load | LOAD: Created dim_measures table
2026-02-25 21:10:21,530 | INFO | load | LOAD: Created fact_readings table
2026-02-25 21:10:21,535 | INFO | load | LOAD: Loaded 1 rows into dim_stations
2026-02-25 21:10:21,541 | INFO | load | LOAD: Loaded 3 rows into dim_measures
2026-02-25 21:10:21,652 | INFO | load | LOAD: Loaded 49182 rows into fact_readings
2026-02-25 21:10:21,652 | INFO | load | LOAD: Successfully loaded all tables to SQLite
2026-02-25 21:10:21,652 | INFO | __main__ | ETL pipeline completed successfully
2026-02-25 21:13:58,794 | INFO | __main__ | Starting ETL pipeline...
2026-02-25 21:13:58,794 | INFO | extract | EXTRACT: Checking API availability...
2026-02-25 21:13:58,939 | INFO | extract | EXTRACT: API is reachable - proceeding with extraction
2026-02-25 21:13:59,047 | INFO | extract | EXTRACT: Connected to API
2026-02-25 21:13:59,047 | INFO | extract | EXTRACT: Found: DISSOLVED OXYGEN | ID: E64999A-do-i-subdaily-mgL | Unit: mg/L
2026-02-25 21:13:59,047 | INFO | extract | EXTRACT: Found: CONDUCTIVITY | ID: E64999A-cond-i-subdaily-uS | Unit: µS/cm
2026-02-25 21:13:59,047 | INFO | extract | EXTRACT: Found: DISSOLVED OXYGEN | ID: E64999A-do-i-subdaily-pct | Unit: %
2026-02-25 21:13:59,047 | INFO | extract | EXTRACT: Discovered 3 measures
2026-02-25 21:13:59,062 | INFO | transform | TRANSFORM: Total measures found: 3
2026-02-25 21:13:59,062 | INFO | transform | TRANSFORM: Fetching readings for: DISSOLVED OXYGEN (mg/L)
2026-02-25 21:13:59,254 | INFO | transform |   -> Transformed 10 readings for DISSOLVED OXYGEN (mg/L)
2026-02-25 21:13:59,254 | INFO | transform | TRANSFORM: Fetching readings for: CONDUCTIVITY (µS/cm)
2026-02-25 21:13:59,449 | INFO | transform |   -> Transformed 10 readings for CONDUCTIVITY (µS/cm)
2026-02-25 21:13:59,464 | INFO | transform | TRANSFORM: Fetching readings for: DISSOLVED OXYGEN (%)
2026-02-25 21:13:59,616 | INFO | transform |   -> Transformed 10 readings for DISSOLVED OXYGEN (%)
2026-02-25 21:13:59,616 | INFO | transform | TRANSFORM: Total readings Transformed: 30
2026-02-25 21:13:59,632 | INFO | transform | TRANSFORM: Created DataFrame with shape: (30, 12)
2026-02-25 21:13:59,632 | INFO | transform | TRANSFORM: Dimension DataFrame dim_station
2026-02-25 21:13:59,632 | INFO | transform | TRANSFORM: dim_station transformed 
2026-02-25 21:13:59,632 | INFO | transform | TRANSFORM: Dimension DataFrame dim_measure
2026-02-25 21:13:59,638 | INFO | transform | TRANSFORM: dim_measure transformed 
2026-02-25 21:13:59,639 | INFO | transform | TRANSFORM: Fact DataFrame
2026-02-25 21:13:59,643 | INFO | transform | TRANSFORM: Fact_df transformed 
2026-02-25 21:13:59,643 | INFO | load | LOAD: Connecting to SQLite database: hydrology.db
2026-02-25 21:13:59,657 | INFO | load | LOAD: Dropped existing tables
2026-02-25 21:13:59,661 | INFO | load | LOAD: Created dim_stations table
2026-02-25 21:13:59,664 | INFO | load | LOAD: Created dim_measures table
2026-02-25 21:13:59,671 | INFO | load | LOAD: Created fact_readings table
2026-02-25 21:13:59,676 | INFO | load | LOAD: Loaded 1 rows into dim_stations
2026-02-25 21:13:59,682 | INFO | load | LOAD: Loaded 3 rows into dim_measures
2026-02-25 21:13:59,687 | INFO | load | LOAD: Loaded 30 rows into fact_readings
2026-02-25 21:13:59,687 | INFO | load | LOAD: Successfully loaded all tables to SQLite
2026-02-25 21:13:59,689 | INFO | __main__ | ETL pipeline completed successfully
2026-02-25 21:16:22,845 | INFO | __main__ | Starting ETL pipeline...
2026-02-25 21:16:22,845 | INFO | extract | EXTRACT: Checking API availability...
2026-02-25 21:16:22,996 | INFO | extract | EXTRACT: API is reachable - proceeding with extraction
2026-02-25 21:16:23,126 | INFO | extract | EXTRACT: Connected to API
2026-02-25 21:16:23,126 | INFO | extract | EXTRACT: Found: CONDUCTIVITY | ID: E64999A-cond-i-subdaily-uS | Unit: µS/cm
2026-02-25 21:16:23,126 | INFO | extract | EXTRACT: Found: DISSOLVED OXYGEN | ID: E64999A-do-i-subdaily-pct | Unit: %
2026-02-25 21:16:23,126 | INFO | extract | EXTRACT: Found: DISSOLVED OXYGEN | ID: E64999A-do-i-subdaily-mgL | Unit: mg/L
2026-02-25 21:16:23,126 | INFO | extract | EXTRACT: Discovered 3 measures
2026-02-25 21:16:23,126 | INFO | transform | TRANSFORM: Total measures found: 3
2026-02-25 21:16:23,126 | INFO | transform | TRANSFORM: Fetching readings for: CONDUCTIVITY (µS/cm)
2026-02-25 21:16:23,304 | ERROR | extract | EXTRACT: Fetch readings failed for http://environment.data.gov.uk/hydrology/id/measures/E64999A-cond-i-subdaily-uS: 400 Client Error:  for url: https://environment.data.gov.uk/hydrology/id/measures/E64999A-cond-i-subdaily-uS/readings.json?%7B%22_limit%22:%20int(10),%20%22_sort%22:%20%22-dateTime%22%7D
2026-02-25 21:16:23,304 | INFO | transform | TRANSFORM: No reading for CONDUCTIVITY
2026-02-25 21:16:23,304 | INFO | transform | TRANSFORM: Fetching readings for: DISSOLVED OXYGEN (%)
2026-02-25 21:16:23,468 | ERROR | extract | EXTRACT: Fetch readings failed for http://environment.data.gov.uk/hydrology/id/measures/E64999A-do-i-subdaily-pct: 400 Client Error:  for url: https://environment.data.gov.uk/hydrology/id/measures/E64999A-do-i-subdaily-pct/readings.json?%7B%22_limit%22:%20int(10),%20%22_sort%22:%20%22-dateTime%22%7D
2026-02-25 21:16:23,484 | INFO | transform | TRANSFORM: No reading for DISSOLVED OXYGEN
2026-02-25 21:16:23,484 | INFO | transform | TRANSFORM: Fetching readings for: DISSOLVED OXYGEN (mg/L)
2026-02-25 21:16:23,653 | ERROR | extract | EXTRACT: Fetch readings failed for http://environment.data.gov.uk/hydrology/id/measures/E64999A-do-i-subdaily-mgL: 400 Client Error:  for url: https://environment.data.gov.uk/hydrology/id/measures/E64999A-do-i-subdaily-mgL/readings.json?%7B%22_limit%22:%20int(10),%20%22_sort%22:%20%22-dateTime%22%7D
2026-02-25 21:16:23,653 | INFO | transform | TRANSFORM: No reading for DISSOLVED OXYGEN
2026-02-25 21:16:23,653 | INFO | transform | TRANSFORM: Total readings Transformed: 0
2026-02-25 21:16:23,653 | INFO | transform | TRANSFORM: Created DataFrame with shape: (0, 0)
2026-02-25 21:16:23,653 | INFO | transform | TRANSFORM: Dimension DataFrame dim_station
2026-02-25 21:17:55,070 | INFO | __main__ | Starting ETL pipeline...
2026-02-25 21:17:55,070 | INFO | __main__ | EXTRACT: Checking API availability...
2026-02-25 21:17:55,229 | INFO | __main__ | EXTRACT: API is reachable - proceeding with extraction
2026-02-25 21:17:55,332 | INFO | __main__ | EXTRACT: Connected to API
2026-02-25 21:17:55,332 | INFO | __main__ | EXTRACT: Found: DISSOLVED OXYGEN | ID: E64999A-do-i-subdaily-mgL | Unit: mg/L
2026-02-25 21:17:55,332 | INFO | __main__ | EXTRACT: Found: CONDUCTIVITY | ID: E64999A-cond-i-subdaily-uS | Unit: µS/cm
2026-02-25 21:17:55,332 | INFO | __main__ | EXTRACT: Found: DISSOLVED OXYGEN | ID: E64999A-do-i-subdaily-pct | Unit: %
2026-02-25 21:17:55,332 | INFO | __main__ | EXTRACT: Discovered 3 measures
2026-02-25 21:17:55,348 | INFO | __main__ | TRANSFORM: Total measures found: 3
2026-02-25 21:17:55,348 | INFO | __main__ | TRANSFORM: Fetching readings for: DISSOLVED OXYGEN (mg/L)
2026-02-25 21:17:55,499 | INFO | __main__ |   -> Transformed 10 readings for DISSOLVED OXYGEN (mg/L)
2026-02-25 21:17:55,499 | INFO | __main__ | TRANSFORM: Fetching readings for: CONDUCTIVITY (µS/cm)
2026-02-25 21:17:55,650 | INFO | __main__ |   -> Transformed 10 readings for CONDUCTIVITY (µS/cm)
2026-02-25 21:17:55,650 | INFO | __main__ | TRANSFORM: Fetching readings for: DISSOLVED OXYGEN (%)
2026-02-25 21:17:55,809 | INFO | __main__ |   -> Transformed 10 readings for DISSOLVED OXYGEN (%)
2026-02-25 21:17:55,809 | INFO | __main__ | TRANSFORM: Total readings Transformed: 30
2026-02-25 21:17:55,809 | INFO | __main__ | TRANSFORM: Created DataFrame with shape: (30, 12)
2026-02-25 21:17:55,809 | INFO | __main__ | TRANSFORM: Dimension DataFrame dim_station
2026-02-25 21:17:55,809 | INFO | __main__ | TRANSFORM: dim_station transformed 
2026-02-25 21:17:55,809 | INFO | __main__ | TRANSFORM: Dimension DataFrame dim_measure
2026-02-25 21:17:55,818 | INFO | __main__ | TRANSFORM: dim_measure transformed 
2026-02-25 21:17:55,819 | INFO | __main__ | TRANSFORM: Fact DataFrame
2026-02-25 21:17:55,824 | INFO | __main__ | TRANSFORM: Fact_df transformed 
2026-02-25 21:17:55,824 | INFO | __main__ | LOAD: Connecting to SQLite database: hydrology.db
2026-02-25 21:17:55,835 | INFO | __main__ | LOAD: Dropped existing tables
2026-02-25 21:17:55,838 | INFO | __main__ | LOAD: Created dim_stations table
2026-02-25 21:17:55,843 | INFO | __main__ | LOAD: Created dim_measures table
2026-02-25 21:17:55,848 | INFO | __main__ | LOAD: Created fact_readings table
2026-02-25 21:17:55,854 | INFO | __main__ | LOAD: Loaded 1 rows into dim_stations
2026-02-25 21:17:55,859 | INFO | __main__ | LOAD: Loaded 3 rows into dim_measures
2026-02-25 21:17:55,863 | INFO | __main__ | LOAD: Loaded 30 rows into fact_readings
2026-02-25 21:17:55,866 | INFO | __main__ | LOAD: Successfully loaded all tables to SQLite
2026-02-25 21:17:55,866 | INFO | __main__ | ETL pipeline completed successfully
2026-02-25 23:50:44,369 | INFO | __main__ | Starting ETL pipeline...
2026-02-25 23:50:44,369 | INFO | extract | EXTRACT: Checking API availability...
2026-02-25 23:50:44,572 | INFO | extract | EXTRACT: API is reachable - proceeding with extraction
2026-02-25 23:50:44,874 | INFO | extract | EXTRACT: Connected to API
2026-02-25 23:50:44,874 | INFO | extract | EXTRACT: Found: DISSOLVED OXYGEN | ID: E64999A-do-i-subdaily-pct | Unit: %
2026-02-25 23:50:44,874 | INFO | extract | EXTRACT: Found: CONDUCTIVITY | ID: E64999A-cond-i-subdaily-uS | Unit: µS/cm
2026-02-25 23:50:44,874 | INFO | extract | EXTRACT: Found: DISSOLVED OXYGEN | ID: E64999A-do-i-subdaily-mgL | Unit: mg/L
2026-02-25 23:50:44,874 | INFO | extract | EXTRACT: Discovered 3 measures
2026-02-25 23:50:44,874 | INFO | transform | TRANSFORM: Total measures found: 3
2026-02-25 23:50:44,874 | INFO | transform | TRANSFORM: Fetching readings for: DISSOLVED OXYGEN (%)
2026-02-25 23:50:45,188 | INFO | transform |   -> Transformed 10 readings for DISSOLVED OXYGEN (%)
2026-02-25 23:50:45,188 | INFO | transform | TRANSFORM: Fetching readings for: CONDUCTIVITY (µS/cm)
2026-02-25 23:50:45,477 | INFO | transform |   -> Transformed 10 readings for CONDUCTIVITY (µS/cm)
2026-02-25 23:50:45,477 | INFO | transform | TRANSFORM: Fetching readings for: DISSOLVED OXYGEN (mg/L)
2026-02-25 23:50:45,727 | INFO | transform |   -> Transformed 10 readings for DISSOLVED OXYGEN (mg/L)
2026-02-25 23:50:45,727 | INFO | transform | TRANSFORM: Total readings Transformed: 30
2026-02-25 23:50:45,744 | INFO | transform | TRANSFORM: Created DataFrame with shape: (30, 12)
2026-02-25 23:50:45,744 | INFO | transform | TRANSFORM: Dimension DataFrame dim_station
2026-02-25 23:50:45,776 | INFO | transform | TRANSFORM: dim_station transformed 
2026-02-25 23:50:45,776 | INFO | transform | TRANSFORM: Dimension DataFrame dim_measure
2026-02-25 23:50:45,776 | INFO | transform | TRANSFORM: dim_measure transformed 
2026-02-25 23:50:45,776 | INFO | transform | TRANSFORM: Fact DataFrame
2026-02-25 23:50:45,797 | INFO | transform | TRANSFORM: Fact_df transformed 
2026-02-25 23:50:45,797 | INFO | load | LOAD: Connecting to SQLite database: hydrology.db
2026-02-25 23:50:45,818 | INFO | load | LOAD: Dropped existing tables
2026-02-25 23:50:45,825 | INFO | load | LOAD: Created dim_stations table
2026-02-25 23:50:45,825 | INFO | load | LOAD: Created dim_measures table
2026-02-25 23:50:45,831 | INFO | load | LOAD: Created fact_readings table
2026-02-25 23:50:45,838 | INFO | load | LOAD: Loaded 1 rows into dim_stations
2026-02-25 23:50:45,846 | INFO | load | LOAD: Loaded 3 rows into dim_measures
2026-02-25 23:50:45,852 | INFO | load | LOAD: Loaded 30 rows into fact_readings
2026-02-25 23:50:45,852 | INFO | load | LOAD: Successfully loaded all tables to SQLite
2026-02-25 23:50:45,852 | INFO | __main__ | ETL pipeline completed successfully
